Archive member included to satisfy reference by file (symbol)

c:/program files (x86)/atmel/studio/7.0/toolchain/avr8/avr8-gnu-toolchain/bin/../lib/gcc/avr/5.4.0/avr51\libgcc.a(_divmodhi4.o)
                              ap/Service/Service_INC_LCD.o (__divmodhi4)
c:/program files (x86)/atmel/studio/7.0/toolchain/avr8/avr8-gnu-toolchain/bin/../lib/gcc/avr/5.4.0/avr51\libgcc.a(_udivmodsi4.o)
                              ap/Service/Service_INC_LCD.o (__udivmodsi4)
c:/program files (x86)/atmel/studio/7.0/toolchain/avr8/avr8-gnu-toolchain/bin/../lib/gcc/avr/5.4.0/avr51\libgcc.a(_divmodsi4.o)
                              Driver/Buzzer/Buzzer.o (__divmodsi4)
c:/program files (x86)/atmel/studio/7.0/toolchain/avr8/avr8-gnu-toolchain/bin/../lib/gcc/avr/5.4.0/avr51\libgcc.a(_negsi2.o)
                              c:/program files (x86)/atmel/studio/7.0/toolchain/avr8/avr8-gnu-toolchain/bin/../lib/gcc/avr/5.4.0/avr51\libgcc.a(_divmodsi4.o) (__negsi2)
c:/program files (x86)/atmel/studio/7.0/toolchain/avr8/avr8-gnu-toolchain/bin/../lib/gcc/avr/5.4.0/avr51\libgcc.a(_exit.o)
                              C:/Program Files (x86)/Atmel/Studio/7.0/Packs/atmel/ATmega_DFP/1.7.374/gcc/dev/atmega128a/avr51/crtatmega128a.o (exit)
c:/program files (x86)/atmel/studio/7.0/toolchain/avr8/avr8-gnu-toolchain/bin/../lib/gcc/avr/5.4.0/avr51\libgcc.a(_copy_data.o)
                              ap/Listener/Listener.o (__do_copy_data)
c:/program files (x86)/atmel/studio/7.0/toolchain/avr8/avr8-gnu-toolchain/bin/../lib/gcc/avr/5.4.0/avr51\libgcc.a(_clear_bss.o)
                              ap/APmain.o (__do_clear_bss)
c:/program files (x86)/atmel/studio/7.0/toolchain/avr8/avr8-gnu-toolchain/bin/../lib/gcc/avr/5.4.0/avr51\libgcc.a(_umulhisi3.o)
                              Driver/FND/FND.o (__umulhisi3)
c:/program files (x86)/atmel/studio/7.0/toolchain/avr8/avr8-gnu-toolchain/bin/../lib/gcc/avr/5.4.0/avr51\libgcc.a(_udivmodhi4.o)
                              c:/program files (x86)/atmel/studio/7.0/toolchain/avr8/avr8-gnu-toolchain/bin/../lib/gcc/avr/5.4.0/avr51\libgcc.a(_divmodhi4.o) (__udivmodhi4)
c:/program files (x86)/atmel/studio/7.0/toolchain/avr8/avr8-gnu-toolchain/bin/../lib/gcc/avr/5.4.0/../../../../avr/lib/avr51\libc.a(strcmp.o)
                              ap/Listener/Listener.o (strcmp)
c:/program files (x86)/atmel/studio/7.0/toolchain/avr8/avr8-gnu-toolchain/bin/../lib/gcc/avr/5.4.0/../../../../avr/lib/avr51\libc.a(iob.o)
                              ap/Presenter/Presenter.o (__iob)
c:/program files (x86)/atmel/studio/7.0/toolchain/avr8/avr8-gnu-toolchain/bin/../lib/gcc/avr/5.4.0/../../../../avr/lib/avr51\libc.a(puts.o)
                              ap/Presenter/Presenter.o (puts)
c:/program files (x86)/atmel/studio/7.0/toolchain/avr8/avr8-gnu-toolchain/bin/../lib/gcc/avr/5.4.0/../../../../avr/lib/avr51\libc.a(sprintf.o)
                              ap/Presenter/Presenter.o (sprintf)
c:/program files (x86)/atmel/studio/7.0/toolchain/avr8/avr8-gnu-toolchain/bin/../lib/gcc/avr/5.4.0/../../../../avr/lib/avr51\libc.a(vfprintf_std.o)
                              c:/program files (x86)/atmel/studio/7.0/toolchain/avr8/avr8-gnu-toolchain/bin/../lib/gcc/avr/5.4.0/../../../../avr/lib/avr51\libc.a(sprintf.o) (vfprintf)
c:/program files (x86)/atmel/studio/7.0/toolchain/avr8/avr8-gnu-toolchain/bin/../lib/gcc/avr/5.4.0/../../../../avr/lib/avr51\libc.a(strnlen_P.o)
                              c:/program files (x86)/atmel/studio/7.0/toolchain/avr8/avr8-gnu-toolchain/bin/../lib/gcc/avr/5.4.0/../../../../avr/lib/avr51\libc.a(vfprintf_std.o) (strnlen_P)
c:/program files (x86)/atmel/studio/7.0/toolchain/avr8/avr8-gnu-toolchain/bin/../lib/gcc/avr/5.4.0/../../../../avr/lib/avr51\libc.a(strnlen.o)
                              c:/program files (x86)/atmel/studio/7.0/toolchain/avr8/avr8-gnu-toolchain/bin/../lib/gcc/avr/5.4.0/../../../../avr/lib/avr51\libc.a(vfprintf_std.o) (strnlen)
c:/program files (x86)/atmel/studio/7.0/toolchain/avr8/avr8-gnu-toolchain/bin/../lib/gcc/avr/5.4.0/../../../../avr/lib/avr51\libc.a(fputc.o)
                              c:/program files (x86)/atmel/studio/7.0/toolchain/avr8/avr8-gnu-toolchain/bin/../lib/gcc/avr/5.4.0/../../../../avr/lib/avr51\libc.a(vfprintf_std.o) (fputc)
c:/program files (x86)/atmel/studio/7.0/toolchain/avr8/avr8-gnu-toolchain/bin/../lib/gcc/avr/5.4.0/../../../../avr/lib/avr51\libc.a(ultoa_invert.o)
                              c:/program files (x86)/atmel/studio/7.0/toolchain/avr8/avr8-gnu-toolchain/bin/../lib/gcc/avr/5.4.0/../../../../avr/lib/avr51\libc.a(vfprintf_std.o) (__ultoa_invert)

Allocating common symbols
Common symbol       size              file

rxString            0x2               ap/Listener/Listener.o
AutoStateData       0x1               ap/Model/Model_AutoState.o
buff                0x1e              ap/APmain.o
StopWatchData       0x2               ap/APmain.o
ModeStateData       0x1               ap/Model/Model_ModeState.o
LCDTimerFlagData    0x1               ap/Model/Model_LCDTimerFlag.o
uart0RxCFlag        0x1               Periph/Uart0/Uart0.o
TimerFlagData       0x1               ap/Model/Model_TimerFlag.o
btnRun              0x6               ap/Listener/Listener.o
ManualStateData     0x1               ap/Model/Model_ManualState.o
btnTimer            0x6               ap/Listener/Listener.o
TimerStateData      0x1               ap/Model/Model_TimerState.o
lcdControlData      0x1               Driver/I2C_LCD/I2C_LCD.o
btnOff              0x6               ap/Listener/Listener.o
uart0RxBuff         0x64              Periph/Uart0/Uart0.o
__iob               0x6               c:/program files (x86)/atmel/studio/7.0/toolchain/avr8/avr8-gnu-toolchain/bin/../lib/gcc/avr/5.4.0/../../../../avr/lib/avr51\libc.a(iob.o)
btnMode             0x6               ap/Listener/Listener.o

Discarded input sections

 .data          0x00000000        0x0 C:/Program Files (x86)/Atmel/Studio/7.0/Packs/atmel/ATmega_DFP/1.7.374/gcc/dev/atmega128a/avr51/crtatmega128a.o
 .bss           0x00000000        0x0 C:/Program Files (x86)/Atmel/Studio/7.0/Packs/atmel/ATmega_DFP/1.7.374/gcc/dev/atmega128a/avr51/crtatmega128a.o
 .text          0x00000000        0x0 ap/APmain.o
 .data          0x00000000        0x0 ap/APmain.o
 .bss           0x00000000        0x0 ap/APmain.o
 .text          0x00000000        0x0 ap/Digital_Fan/Digital_Fan.o
 .data          0x00000000        0x0 ap/Digital_Fan/Digital_Fan.o
 .bss           0x00000000        0x0 ap/Digital_Fan/Digital_Fan.o
 .debug_line    0x00000000        0x0 ap/Digital_Fan/Digital_Fan.o
 .debug_str     0x00000000      0x121 ap/Digital_Fan/Digital_Fan.o
 .comment       0x00000000       0x31 ap/Digital_Fan/Digital_Fan.o
 .text          0x00000000        0x0 ap/Listener/Listener.o
 .data          0x00000000        0x0 ap/Listener/Listener.o
 .bss           0x00000000        0x0 ap/Listener/Listener.o
 .text          0x00000000        0x0 ap/Model/Model_AutoState.o
 .data          0x00000000        0x0 ap/Model/Model_AutoState.o
 .bss           0x00000000        0x0 ap/Model/Model_AutoState.o
 .text          0x00000000        0x0 ap/Model/Model_LCDTimerFlag.o
 .data          0x00000000        0x0 ap/Model/Model_LCDTimerFlag.o
 .bss           0x00000000        0x0 ap/Model/Model_LCDTimerFlag.o
 .text          0x00000000        0x0 ap/Model/Model_ManualState.o
 .data          0x00000000        0x0 ap/Model/Model_ManualState.o
 .bss           0x00000000        0x0 ap/Model/Model_ManualState.o
 .text          0x00000000        0x0 ap/Model/Model_ModeState.o
 .data          0x00000000        0x0 ap/Model/Model_ModeState.o
 .bss           0x00000000        0x0 ap/Model/Model_ModeState.o
 .text          0x00000000        0x0 ap/Model/Model_TimerFlag.o
 .data          0x00000000        0x0 ap/Model/Model_TimerFlag.o
 .bss           0x00000000        0x0 ap/Model/Model_TimerFlag.o
 .text          0x00000000        0x0 ap/Model/Model_TimerState.o
 .data          0x00000000        0x0 ap/Model/Model_TimerState.o
 .bss           0x00000000        0x0 ap/Model/Model_TimerState.o
 .text          0x00000000        0x0 ap/Presenter/Presenter.o
 .data          0x00000000        0x0 ap/Presenter/Presenter.o
 .bss           0x00000000        0x0 ap/Presenter/Presenter.o
 .text          0x00000000        0x0 ap/Service/Service_AutoCount.o
 .data          0x00000000        0x0 ap/Service/Service_AutoCount.o
 .bss           0x00000000        0x0 ap/Service/Service_AutoCount.o
 .text          0x00000000        0x0 ap/Service/Service_DEC_FND.o
 .data          0x00000000        0x0 ap/Service/Service_DEC_FND.o
 .bss           0x00000000        0x0 ap/Service/Service_DEC_FND.o
 .text.getHour  0x00000000        0x6 ap/Service/Service_DEC_FND.o
 .text.getMin   0x00000000        0x6 ap/Service/Service_DEC_FND.o
 .text.getSec   0x00000000        0x6 ap/Service/Service_DEC_FND.o
 .text.getMillisec
                0x00000000       0x12 ap/Service/Service_DEC_FND.o
 .text          0x00000000        0x0 ap/Service/Service_INC_LCD.o
 .data          0x00000000        0x0 ap/Service/Service_INC_LCD.o
 .bss           0x00000000        0x0 ap/Service/Service_INC_LCD.o
 .text          0x00000000        0x0 Driver/Button/Button.o
 .data          0x00000000        0x0 Driver/Button/Button.o
 .bss           0x00000000        0x0 Driver/Button/Button.o
 .text          0x00000000        0x0 Driver/Buzzer/Buzzer.o
 .data          0x00000000        0x0 Driver/Buzzer/Buzzer.o
 .bss           0x00000000        0x0 Driver/Buzzer/Buzzer.o
 .text          0x00000000        0x0 Driver/Fan/Fan.o
 .data          0x00000000        0x0 Driver/Fan/Fan.o
 .bss           0x00000000        0x0 Driver/Fan/Fan.o
 .text.Fan_Reverse
                0x00000000       0x22 Driver/Fan/Fan.o
 .text          0x00000000        0x0 Driver/FND/FND.o
 .data          0x00000000        0x0 Driver/FND/FND.o
 .bss           0x00000000        0x0 Driver/FND/FND.o
 .text          0x00000000        0x0 Driver/I2C_LCD/I2C_LCD.o
 .data          0x00000000        0x0 Driver/I2C_LCD/I2C_LCD.o
 .bss           0x00000000        0x0 Driver/I2C_LCD/I2C_LCD.o
 .text.Gpio_init
                0x00000000        0xe Driver/I2C_LCD/I2C_LCD.o
 .text.Gpio_writeControlData
                0x00000000        0x4 Driver/I2C_LCD/I2C_LCD.o
 .text.Gpio_writeData
                0x00000000        0x4 Driver/I2C_LCD/I2C_LCD.o
 .text.LCD_displayClear
                0x00000000        0x8 Driver/I2C_LCD/I2C_LCD.o
 .text          0x00000000        0x0 main.o
 .data          0x00000000        0x0 main.o
 .bss           0x00000000        0x0 main.o
 .text          0x00000000        0x0 Periph/GPIO/GPIO.o
 .data          0x00000000        0x0 Periph/GPIO/GPIO.o
 .bss           0x00000000        0x0 Periph/GPIO/GPIO.o
 .text.Gpio_initPort
                0x00000000       0x12 Periph/GPIO/GPIO.o
 .text.Gpio_initPin
                0x00000000       0x34 Periph/GPIO/GPIO.o
 .text.Gpio_writePort
                0x00000000        0x6 Periph/GPIO/GPIO.o
 .text.Gpio_writePin
                0x00000000       0x36 Periph/GPIO/GPIO.o
 .text.Gpio_readPort
                0x00000000        0x6 Periph/GPIO/GPIO.o
 .text.Gpio_readPin
                0x00000000       0x14 Periph/GPIO/GPIO.o
 .debug_info    0x00000000      0x210 Periph/GPIO/GPIO.o
 .debug_abbrev  0x00000000       0xed Periph/GPIO/GPIO.o
 .debug_loc     0x00000000       0xc2 Periph/GPIO/GPIO.o
 .debug_aranges
                0x00000000       0x48 Periph/GPIO/GPIO.o
 .debug_ranges  0x00000000       0x38 Periph/GPIO/GPIO.o
 .debug_line    0x00000000      0x151 Periph/GPIO/GPIO.o
 .debug_str     0x00000000      0x21a Periph/GPIO/GPIO.o
 .comment       0x00000000       0x31 Periph/GPIO/GPIO.o
 .debug_frame   0x00000000       0x74 Periph/GPIO/GPIO.o
 .text          0x00000000        0x0 Periph/I2C/I2C.o
 .data          0x00000000        0x0 Periph/I2C/I2C.o
 .bss           0x00000000        0x0 Periph/I2C/I2C.o
 .text          0x00000000        0x0 Periph/TIM/TIM.o
 .data          0x00000000        0x0 Periph/TIM/TIM.o
 .bss           0x00000000        0x0 Periph/TIM/TIM.o
 .text          0x00000000        0x0 Periph/Uart0/Uart0.o
 .data          0x00000000        0x0 Periph/Uart0/Uart0.o
 .bss           0x00000000        0x0 Periph/Uart0/Uart0.o
 .text.UART0_Receive
                0x00000000        0x8 Periph/Uart0/Uart0.o
 .text.UART0_print
                0x00000000       0x2c Periph/Uart0/Uart0.o
 .text.UART0_Avail
                0x00000000        0xc Periph/Uart0/Uart0.o
 .text          0x00000000        0x0 c:/program files (x86)/atmel/studio/7.0/toolchain/avr8/avr8-gnu-toolchain/bin/../lib/gcc/avr/5.4.0/avr51\libgcc.a(_divmodhi4.o)
 .data          0x00000000        0x0 c:/program files (x86)/atmel/studio/7.0/toolchain/avr8/avr8-gnu-toolchain/bin/../lib/gcc/avr/5.4.0/avr51\libgcc.a(_divmodhi4.o)
 .bss           0x00000000        0x0 c:/program files (x86)/atmel/studio/7.0/toolchain/avr8/avr8-gnu-toolchain/bin/../lib/gcc/avr/5.4.0/avr51\libgcc.a(_divmodhi4.o)
 .text.libgcc.mul
                0x00000000        0x0 c:/program files (x86)/atmel/studio/7.0/toolchain/avr8/avr8-gnu-toolchain/bin/../lib/gcc/avr/5.4.0/avr51\libgcc.a(_divmodhi4.o)
 .text.libgcc   0x00000000        0x0 c:/program files (x86)/atmel/studio/7.0/toolchain/avr8/avr8-gnu-toolchain/bin/../lib/gcc/avr/5.4.0/avr51\libgcc.a(_divmodhi4.o)
 .text.libgcc.prologue
                0x00000000        0x0 c:/program files (x86)/atmel/studio/7.0/toolchain/avr8/avr8-gnu-toolchain/bin/../lib/gcc/avr/5.4.0/avr51\libgcc.a(_divmodhi4.o)
 .text.libgcc.builtins
                0x00000000        0x0 c:/program files (x86)/atmel/studio/7.0/toolchain/avr8/avr8-gnu-toolchain/bin/../lib/gcc/avr/5.4.0/avr51\libgcc.a(_divmodhi4.o)
 .text.libgcc.fmul
                0x00000000        0x0 c:/program files (x86)/atmel/studio/7.0/toolchain/avr8/avr8-gnu-toolchain/bin/../lib/gcc/avr/5.4.0/avr51\libgcc.a(_divmodhi4.o)
 .text.libgcc.fixed
                0x00000000        0x0 c:/program files (x86)/atmel/studio/7.0/toolchain/avr8/avr8-gnu-toolchain/bin/../lib/gcc/avr/5.4.0/avr51\libgcc.a(_divmodhi4.o)
 .text          0x00000000        0x0 c:/program files (x86)/atmel/studio/7.0/toolchain/avr8/avr8-gnu-toolchain/bin/../lib/gcc/avr/5.4.0/avr51\libgcc.a(_udivmodsi4.o)
 .data          0x00000000        0x0 c:/program files (x86)/atmel/studio/7.0/toolchain/avr8/avr8-gnu-toolchain/bin/../lib/gcc/avr/5.4.0/avr51\libgcc.a(_udivmodsi4.o)
 .bss           0x00000000        0x0 c:/program files (x86)/atmel/studio/7.0/toolchain/avr8/avr8-gnu-toolchain/bin/../lib/gcc/avr/5.4.0/avr51\libgcc.a(_udivmodsi4.o)
 .text.libgcc.mul
                0x00000000        0x0 c:/program files (x86)/atmel/studio/7.0/toolchain/avr8/avr8-gnu-toolchain/bin/../lib/gcc/avr/5.4.0/avr51\libgcc.a(_udivmodsi4.o)
 .text.libgcc   0x00000000        0x0 c:/program files (x86)/atmel/studio/7.0/toolchain/avr8/avr8-gnu-toolchain/bin/../lib/gcc/avr/5.4.0/avr51\libgcc.a(_udivmodsi4.o)
 .text.libgcc.prologue
                0x00000000        0x0 c:/program files (x86)/atmel/studio/7.0/toolchain/avr8/avr8-gnu-toolchain/bin/../lib/gcc/avr/5.4.0/avr51\libgcc.a(_udivmodsi4.o)
 .text.libgcc.builtins
                0x00000000        0x0 c:/program files (x86)/atmel/studio/7.0/toolchain/avr8/avr8-gnu-toolchain/bin/../lib/gcc/avr/5.4.0/avr51\libgcc.a(_udivmodsi4.o)
 .text.libgcc.fmul
                0x00000000        0x0 c:/program files (x86)/atmel/studio/7.0/toolchain/avr8/avr8-gnu-toolchain/bin/../lib/gcc/avr/5.4.0/avr51\libgcc.a(_udivmodsi4.o)
 .text.libgcc.fixed
                0x00000000        0x0 c:/program files (x86)/atmel/studio/7.0/toolchain/avr8/avr8-gnu-toolchain/bin/../lib/gcc/avr/5.4.0/avr51\libgcc.a(_udivmodsi4.o)
 .text          0x00000000        0x0 c:/program files (x86)/atmel/studio/7.0/toolchain/avr8/avr8-gnu-toolchain/bin/../lib/gcc/avr/5.4.0/avr51\libgcc.a(_divmodsi4.o)
 .data          0x00000000        0x0 c:/program files (x86)/atmel/studio/7.0/toolchain/avr8/avr8-gnu-toolchain/bin/../lib/gcc/avr/5.4.0/avr51\libgcc.a(_divmodsi4.o)
 .bss           0x00000000        0x0 c:/program files (x86)/atmel/studio/7.0/toolchain/avr8/avr8-gnu-toolchain/bin/../lib/gcc/avr/5.4.0/avr51\libgcc.a(_divmodsi4.o)
 .text.libgcc.mul
                0x00000000        0x0 c:/program files (x86)/atmel/studio/7.0/toolchain/avr8/avr8-gnu-toolchain/bin/../lib/gcc/avr/5.4.0/avr51\libgcc.a(_divmodsi4.o)
 .text.libgcc   0x00000000        0x0 c:/program files (x86)/atmel/studio/7.0/toolchain/avr8/avr8-gnu-toolchain/bin/../lib/gcc/avr/5.4.0/avr51\libgcc.a(_divmodsi4.o)
 .text.libgcc.prologue
                0x00000000        0x0 c:/program files (x86)/atmel/studio/7.0/toolchain/avr8/avr8-gnu-toolchain/bin/../lib/gcc/avr/5.4.0/avr51\libgcc.a(_divmodsi4.o)
 .text.libgcc.builtins
                0x00000000        0x0 c:/program files (x86)/atmel/studio/7.0/toolchain/avr8/avr8-gnu-toolchain/bin/../lib/gcc/avr/5.4.0/avr51\libgcc.a(_divmodsi4.o)
 .text.libgcc.fmul
                0x00000000        0x0 c:/program files (x86)/atmel/studio/7.0/toolchain/avr8/avr8-gnu-toolchain/bin/../lib/gcc/avr/5.4.0/avr51\libgcc.a(_divmodsi4.o)
 .text.libgcc.fixed
                0x00000000        0x0 c:/program files (x86)/atmel/studio/7.0/toolchain/avr8/avr8-gnu-toolchain/bin/../lib/gcc/avr/5.4.0/avr51\libgcc.a(_divmodsi4.o)
 .text          0x00000000        0x0 c:/program files (x86)/atmel/studio/7.0/toolchain/avr8/avr8-gnu-toolchain/bin/../lib/gcc/avr/5.4.0/avr51\libgcc.a(_negsi2.o)
 .data          0x00000000        0x0 c:/program files (x86)/atmel/studio/7.0/toolchain/avr8/avr8-gnu-toolchain/bin/../lib/gcc/avr/5.4.0/avr51\libgcc.a(_negsi2.o)
 .bss           0x00000000        0x0 c:/program files (x86)/atmel/studio/7.0/toolchain/avr8/avr8-gnu-toolchain/bin/../lib/gcc/avr/5.4.0/avr51\libgcc.a(_negsi2.o)
 .text.libgcc.mul
                0x00000000        0x0 c:/program files (x86)/atmel/studio/7.0/toolchain/avr8/avr8-gnu-toolchain/bin/../lib/gcc/avr/5.4.0/avr51\libgcc.a(_negsi2.o)
 .text.libgcc   0x00000000        0x0 c:/program files (x86)/atmel/studio/7.0/toolchain/avr8/avr8-gnu-toolchain/bin/../lib/gcc/avr/5.4.0/avr51\libgcc.a(_negsi2.o)
 .text.libgcc.prologue
                0x00000000        0x0 c:/program files (x86)/atmel/studio/7.0/toolchain/avr8/avr8-gnu-toolchain/bin/../lib/gcc/avr/5.4.0/avr51\libgcc.a(_negsi2.o)
 .text.libgcc.builtins
                0x00000000        0x0 c:/program files (x86)/atmel/studio/7.0/toolchain/avr8/avr8-gnu-toolchain/bin/../lib/gcc/avr/5.4.0/avr51\libgcc.a(_negsi2.o)
 .text.libgcc.fmul
                0x00000000        0x0 c:/program files (x86)/atmel/studio/7.0/toolchain/avr8/avr8-gnu-toolchain/bin/../lib/gcc/avr/5.4.0/avr51\libgcc.a(_negsi2.o)
 .text.libgcc.fixed
                0x00000000        0x0 c:/program files (x86)/atmel/studio/7.0/toolchain/avr8/avr8-gnu-toolchain/bin/../lib/gcc/avr/5.4.0/avr51\libgcc.a(_negsi2.o)
 .text          0x00000000        0x0 c:/program files (x86)/atmel/studio/7.0/toolchain/avr8/avr8-gnu-toolchain/bin/../lib/gcc/avr/5.4.0/avr51\libgcc.a(_exit.o)
 .data          0x00000000        0x0 c:/program files (x86)/atmel/studio/7.0/toolchain/avr8/avr8-gnu-toolchain/bin/../lib/gcc/avr/5.4.0/avr51\libgcc.a(_exit.o)
 .bss           0x00000000        0x0 c:/program files (x86)/atmel/studio/7.0/toolchain/avr8/avr8-gnu-toolchain/bin/../lib/gcc/avr/5.4.0/avr51\libgcc.a(_exit.o)
 .text.libgcc.mul
                0x00000000        0x0 c:/program files (x86)/atmel/studio/7.0/toolchain/avr8/avr8-gnu-toolchain/bin/../lib/gcc/avr/5.4.0/avr51\libgcc.a(_exit.o)
 .text.libgcc.div
                0x00000000        0x0 c:/program files (x86)/atmel/studio/7.0/toolchain/avr8/avr8-gnu-toolchain/bin/../lib/gcc/avr/5.4.0/avr51\libgcc.a(_exit.o)
 .text.libgcc   0x00000000        0x0 c:/program files (x86)/atmel/studio/7.0/toolchain/avr8/avr8-gnu-toolchain/bin/../lib/gcc/avr/5.4.0/avr51\libgcc.a(_exit.o)
 .text.libgcc.prologue
                0x00000000        0x0 c:/program files (x86)/atmel/studio/7.0/toolchain/avr8/avr8-gnu-toolchain/bin/../lib/gcc/avr/5.4.0/avr51\libgcc.a(_exit.o)
 .text.libgcc.builtins
                0x00000000        0x0 c:/program files (x86)/atmel/studio/7.0/toolchain/avr8/avr8-gnu-toolchain/bin/../lib/gcc/avr/5.4.0/avr51\libgcc.a(_exit.o)
 .text.libgcc.fmul
                0x00000000        0x0 c:/program files (x86)/atmel/studio/7.0/toolchain/avr8/avr8-gnu-toolchain/bin/../lib/gcc/avr/5.4.0/avr51\libgcc.a(_exit.o)
 .text.libgcc.fixed
                0x00000000        0x0 c:/program files (x86)/atmel/studio/7.0/toolchain/avr8/avr8-gnu-toolchain/bin/../lib/gcc/avr/5.4.0/avr51\libgcc.a(_exit.o)
 .text          0x00000000        0x0 c:/program files (x86)/atmel/studio/7.0/toolchain/avr8/avr8-gnu-toolchain/bin/../lib/gcc/avr/5.4.0/avr51\libgcc.a(_copy_data.o)
 .data          0x00000000        0x0 c:/program files (x86)/atmel/studio/7.0/toolchain/avr8/avr8-gnu-toolchain/bin/../lib/gcc/avr/5.4.0/avr51\libgcc.a(_copy_data.o)
 .bss           0x00000000        0x0 c:/program files (x86)/atmel/studio/7.0/toolchain/avr8/avr8-gnu-toolchain/bin/../lib/gcc/avr/5.4.0/avr51\libgcc.a(_copy_data.o)
 .text.libgcc.mul
                0x00000000        0x0 c:/program files (x86)/atmel/studio/7.0/toolchain/avr8/avr8-gnu-toolchain/bin/../lib/gcc/avr/5.4.0/avr51\libgcc.a(_copy_data.o)
 .text.libgcc.div
                0x00000000        0x0 c:/program files (x86)/atmel/studio/7.0/toolchain/avr8/avr8-gnu-toolchain/bin/../lib/gcc/avr/5.4.0/avr51\libgcc.a(_copy_data.o)
 .text.libgcc   0x00000000        0x0 c:/program files (x86)/atmel/studio/7.0/toolchain/avr8/avr8-gnu-toolchain/bin/../lib/gcc/avr/5.4.0/avr51\libgcc.a(_copy_data.o)
 .text.libgcc.prologue
                0x00000000        0x0 c:/program files (x86)/atmel/studio/7.0/toolchain/avr8/avr8-gnu-toolchain/bin/../lib/gcc/avr/5.4.0/avr51\libgcc.a(_copy_data.o)
 .text.libgcc.builtins
                0x00000000        0x0 c:/program files (x86)/atmel/studio/7.0/toolchain/avr8/avr8-gnu-toolchain/bin/../lib/gcc/avr/5.4.0/avr51\libgcc.a(_copy_data.o)
 .text.libgcc.fmul
                0x00000000        0x0 c:/program files (x86)/atmel/studio/7.0/toolchain/avr8/avr8-gnu-toolchain/bin/../lib/gcc/avr/5.4.0/avr51\libgcc.a(_copy_data.o)
 .text.libgcc.fixed
                0x00000000        0x0 c:/program files (x86)/atmel/studio/7.0/toolchain/avr8/avr8-gnu-toolchain/bin/../lib/gcc/avr/5.4.0/avr51\libgcc.a(_copy_data.o)
 .text          0x00000000        0x0 c:/program files (x86)/atmel/studio/7.0/toolchain/avr8/avr8-gnu-toolchain/bin/../lib/gcc/avr/5.4.0/avr51\libgcc.a(_clear_bss.o)
 .data          0x00000000        0x0 c:/program files (x86)/atmel/studio/7.0/toolchain/avr8/avr8-gnu-toolchain/bin/../lib/gcc/avr/5.4.0/avr51\libgcc.a(_clear_bss.o)
 .bss           0x00000000        0x0 c:/program files (x86)/atmel/studio/7.0/toolchain/avr8/avr8-gnu-toolchain/bin/../lib/gcc/avr/5.4.0/avr51\libgcc.a(_clear_bss.o)
 .text.libgcc.mul
                0x00000000        0x0 c:/program files (x86)/atmel/studio/7.0/toolchain/avr8/avr8-gnu-toolchain/bin/../lib/gcc/avr/5.4.0/avr51\libgcc.a(_clear_bss.o)
 .text.libgcc.div
                0x00000000        0x0 c:/program files (x86)/atmel/studio/7.0/toolchain/avr8/avr8-gnu-toolchain/bin/../lib/gcc/avr/5.4.0/avr51\libgcc.a(_clear_bss.o)
 .text.libgcc   0x00000000        0x0 c:/program files (x86)/atmel/studio/7.0/toolchain/avr8/avr8-gnu-toolchain/bin/../lib/gcc/avr/5.4.0/avr51\libgcc.a(_clear_bss.o)
 .text.libgcc.prologue
                0x00000000        0x0 c:/program files (x86)/atmel/studio/7.0/toolchain/avr8/avr8-gnu-toolchain/bin/../lib/gcc/avr/5.4.0/avr51\libgcc.a(_clear_bss.o)
 .text.libgcc.builtins
                0x00000000        0x0 c:/program files (x86)/atmel/studio/7.0/toolchain/avr8/avr8-gnu-toolchain/bin/../lib/gcc/avr/5.4.0/avr51\libgcc.a(_clear_bss.o)
 .text.libgcc.fmul
                0x00000000        0x0 c:/program files (x86)/atmel/studio/7.0/toolchain/avr8/avr8-gnu-toolchain/bin/../lib/gcc/avr/5.4.0/avr51\libgcc.a(_clear_bss.o)
 .text.libgcc.fixed
                0x00000000        0x0 c:/program files (x86)/atmel/studio/7.0/toolchain/avr8/avr8-gnu-toolchain/bin/../lib/gcc/avr/5.4.0/avr51\libgcc.a(_clear_bss.o)
 .text          0x00000000        0x0 c:/program files (x86)/atmel/studio/7.0/toolchain/avr8/avr8-gnu-toolchain/bin/../lib/gcc/avr/5.4.0/avr51\libgcc.a(_umulhisi3.o)
 .data          0x00000000        0x0 c:/program files (x86)/atmel/studio/7.0/toolchain/avr8/avr8-gnu-toolchain/bin/../lib/gcc/avr/5.4.0/avr51\libgcc.a(_umulhisi3.o)
 .bss           0x00000000        0x0 c:/program files (x86)/atmel/studio/7.0/toolchain/avr8/avr8-gnu-toolchain/bin/../lib/gcc/avr/5.4.0/avr51\libgcc.a(_umulhisi3.o)
 .text.libgcc.div
                0x00000000        0x0 c:/program files (x86)/atmel/studio/7.0/toolchain/avr8/avr8-gnu-toolchain/bin/../lib/gcc/avr/5.4.0/avr51\libgcc.a(_umulhisi3.o)
 .text.libgcc   0x00000000        0x0 c:/program files (x86)/atmel/studio/7.0/toolchain/avr8/avr8-gnu-toolchain/bin/../lib/gcc/avr/5.4.0/avr51\libgcc.a(_umulhisi3.o)
 .text.libgcc.prologue
                0x00000000        0x0 c:/program files (x86)/atmel/studio/7.0/toolchain/avr8/avr8-gnu-toolchain/bin/../lib/gcc/avr/5.4.0/avr51\libgcc.a(_umulhisi3.o)
 .text.libgcc.builtins
                0x00000000        0x0 c:/program files (x86)/atmel/studio/7.0/toolchain/avr8/avr8-gnu-toolchain/bin/../lib/gcc/avr/5.4.0/avr51\libgcc.a(_umulhisi3.o)
 .text.libgcc.fmul
                0x00000000        0x0 c:/program files (x86)/atmel/studio/7.0/toolchain/avr8/avr8-gnu-toolchain/bin/../lib/gcc/avr/5.4.0/avr51\libgcc.a(_umulhisi3.o)
 .text.libgcc.fixed
                0x00000000        0x0 c:/program files (x86)/atmel/studio/7.0/toolchain/avr8/avr8-gnu-toolchain/bin/../lib/gcc/avr/5.4.0/avr51\libgcc.a(_umulhisi3.o)
 .text          0x00000000        0x0 c:/program files (x86)/atmel/studio/7.0/toolchain/avr8/avr8-gnu-toolchain/bin/../lib/gcc/avr/5.4.0/avr51\libgcc.a(_udivmodhi4.o)
 .data          0x00000000        0x0 c:/program files (x86)/atmel/studio/7.0/toolchain/avr8/avr8-gnu-toolchain/bin/../lib/gcc/avr/5.4.0/avr51\libgcc.a(_udivmodhi4.o)
 .bss           0x00000000        0x0 c:/program files (x86)/atmel/studio/7.0/toolchain/avr8/avr8-gnu-toolchain/bin/../lib/gcc/avr/5.4.0/avr51\libgcc.a(_udivmodhi4.o)
 .text.libgcc.mul
                0x00000000        0x0 c:/program files (x86)/atmel/studio/7.0/toolchain/avr8/avr8-gnu-toolchain/bin/../lib/gcc/avr/5.4.0/avr51\libgcc.a(_udivmodhi4.o)
 .text.libgcc   0x00000000        0x0 c:/program files (x86)/atmel/studio/7.0/toolchain/avr8/avr8-gnu-toolchain/bin/../lib/gcc/avr/5.4.0/avr51\libgcc.a(_udivmodhi4.o)
 .text.libgcc.prologue
                0x00000000        0x0 c:/program files (x86)/atmel/studio/7.0/toolchain/avr8/avr8-gnu-toolchain/bin/../lib/gcc/avr/5.4.0/avr51\libgcc.a(_udivmodhi4.o)
 .text.libgcc.builtins
                0x00000000        0x0 c:/program files (x86)/atmel/studio/7.0/toolchain/avr8/avr8-gnu-toolchain/bin/../lib/gcc/avr/5.4.0/avr51\libgcc.a(_udivmodhi4.o)
 .text.libgcc.fmul
                0x00000000        0x0 c:/program files (x86)/atmel/studio/7.0/toolchain/avr8/avr8-gnu-toolchain/bin/../lib/gcc/avr/5.4.0/avr51\libgcc.a(_udivmodhi4.o)
 .text.libgcc.fixed
                0x00000000        0x0 c:/program files (x86)/atmel/studio/7.0/toolchain/avr8/avr8-gnu-toolchain/bin/../lib/gcc/avr/5.4.0/avr51\libgcc.a(_udivmodhi4.o)
 .text          0x00000000        0x0 c:/program files (x86)/atmel/studio/7.0/toolchain/avr8/avr8-gnu-toolchain/bin/../lib/gcc/avr/5.4.0/../../../../avr/lib/avr51\libc.a(strcmp.o)
 .data          0x00000000        0x0 c:/program files (x86)/atmel/studio/7.0/toolchain/avr8/avr8-gnu-toolchain/bin/../lib/gcc/avr/5.4.0/../../../../avr/lib/avr51\libc.a(strcmp.o)
 .bss           0x00000000        0x0 c:/program files (x86)/atmel/studio/7.0/toolchain/avr8/avr8-gnu-toolchain/bin/../lib/gcc/avr/5.4.0/../../../../avr/lib/avr51\libc.a(strcmp.o)
 .text          0x00000000        0x0 c:/program files (x86)/atmel/studio/7.0/toolchain/avr8/avr8-gnu-toolchain/bin/../lib/gcc/avr/5.4.0/../../../../avr/lib/avr51\libc.a(iob.o)
 .data          0x00000000        0x0 c:/program files (x86)/atmel/studio/7.0/toolchain/avr8/avr8-gnu-toolchain/bin/../lib/gcc/avr/5.4.0/../../../../avr/lib/avr51\libc.a(iob.o)
 .bss           0x00000000        0x0 c:/program files (x86)/atmel/studio/7.0/toolchain/avr8/avr8-gnu-toolchain/bin/../lib/gcc/avr/5.4.0/../../../../avr/lib/avr51\libc.a(iob.o)
 .text          0x00000000        0x0 c:/program files (x86)/atmel/studio/7.0/toolchain/avr8/avr8-gnu-toolchain/bin/../lib/gcc/avr/5.4.0/../../../../avr/lib/avr51\libc.a(puts.o)
 .data          0x00000000        0x0 c:/program files (x86)/atmel/studio/7.0/toolchain/avr8/avr8-gnu-toolchain/bin/../lib/gcc/avr/5.4.0/../../../../avr/lib/avr51\libc.a(puts.o)
 .bss           0x00000000        0x0 c:/program files (x86)/atmel/studio/7.0/toolchain/avr8/avr8-gnu-toolchain/bin/../lib/gcc/avr/5.4.0/../../../../avr/lib/avr51\libc.a(puts.o)
 .text          0x00000000        0x0 c:/program files (x86)/atmel/studio/7.0/toolchain/avr8/avr8-gnu-toolchain/bin/../lib/gcc/avr/5.4.0/../../../../avr/lib/avr51\libc.a(sprintf.o)
 .data          0x00000000        0x0 c:/program files (x86)/atmel/studio/7.0/toolchain/avr8/avr8-gnu-toolchain/bin/../lib/gcc/avr/5.4.0/../../../../avr/lib/avr51\libc.a(sprintf.o)
 .bss           0x00000000        0x0 c:/program files (x86)/atmel/studio/7.0/toolchain/avr8/avr8-gnu-toolchain/bin/../lib/gcc/avr/5.4.0/../../../../avr/lib/avr51\libc.a(sprintf.o)
 .text          0x00000000        0x0 c:/program files (x86)/atmel/studio/7.0/toolchain/avr8/avr8-gnu-toolchain/bin/../lib/gcc/avr/5.4.0/../../../../avr/lib/avr51\libc.a(vfprintf_std.o)
 .data          0x00000000        0x0 c:/program files (x86)/atmel/studio/7.0/toolchain/avr8/avr8-gnu-toolchain/bin/../lib/gcc/avr/5.4.0/../../../../avr/lib/avr51\libc.a(vfprintf_std.o)
 .bss           0x00000000        0x0 c:/program files (x86)/atmel/studio/7.0/toolchain/avr8/avr8-gnu-toolchain/bin/../lib/gcc/avr/5.4.0/../../../../avr/lib/avr51\libc.a(vfprintf_std.o)
 .text          0x00000000        0x0 c:/program files (x86)/atmel/studio/7.0/toolchain/avr8/avr8-gnu-toolchain/bin/../lib/gcc/avr/5.4.0/../../../../avr/lib/avr51\libc.a(strnlen_P.o)
 .data          0x00000000        0x0 c:/program files (x86)/atmel/studio/7.0/toolchain/avr8/avr8-gnu-toolchain/bin/../lib/gcc/avr/5.4.0/../../../../avr/lib/avr51\libc.a(strnlen_P.o)
 .bss           0x00000000        0x0 c:/program files (x86)/atmel/studio/7.0/toolchain/avr8/avr8-gnu-toolchain/bin/../lib/gcc/avr/5.4.0/../../../../avr/lib/avr51\libc.a(strnlen_P.o)
 .text          0x00000000        0x0 c:/program files (x86)/atmel/studio/7.0/toolchain/avr8/avr8-gnu-toolchain/bin/../lib/gcc/avr/5.4.0/../../../../avr/lib/avr51\libc.a(strnlen.o)
 .data          0x00000000        0x0 c:/program files (x86)/atmel/studio/7.0/toolchain/avr8/avr8-gnu-toolchain/bin/../lib/gcc/avr/5.4.0/../../../../avr/lib/avr51\libc.a(strnlen.o)
 .bss           0x00000000        0x0 c:/program files (x86)/atmel/studio/7.0/toolchain/avr8/avr8-gnu-toolchain/bin/../lib/gcc/avr/5.4.0/../../../../avr/lib/avr51\libc.a(strnlen.o)
 .text          0x00000000        0x0 c:/program files (x86)/atmel/studio/7.0/toolchain/avr8/avr8-gnu-toolchain/bin/../lib/gcc/avr/5.4.0/../../../../avr/lib/avr51\libc.a(fputc.o)
 .data          0x00000000        0x0 c:/program files (x86)/atmel/studio/7.0/toolchain/avr8/avr8-gnu-toolchain/bin/../lib/gcc/avr/5.4.0/../../../../avr/lib/avr51\libc.a(fputc.o)
 .bss           0x00000000        0x0 c:/program files (x86)/atmel/studio/7.0/toolchain/avr8/avr8-gnu-toolchain/bin/../lib/gcc/avr/5.4.0/../../../../avr/lib/avr51\libc.a(fputc.o)
 .text          0x00000000        0x0 c:/program files (x86)/atmel/studio/7.0/toolchain/avr8/avr8-gnu-toolchain/bin/../lib/gcc/avr/5.4.0/../../../../avr/lib/avr51\libc.a(ultoa_invert.o)
 .data          0x00000000        0x0 c:/program files (x86)/atmel/studio/7.0/toolchain/avr8/avr8-gnu-toolchain/bin/../lib/gcc/avr/5.4.0/../../../../avr/lib/avr51\libc.a(ultoa_invert.o)
 .bss           0x00000000        0x0 c:/program files (x86)/atmel/studio/7.0/toolchain/avr8/avr8-gnu-toolchain/bin/../lib/gcc/avr/5.4.0/../../../../avr/lib/avr51\libc.a(ultoa_invert.o)

Memory Configuration

Name             Origin             Length             Attributes
text             0x00000000         0x00020000         xr
data             0x00800100         0x00001000         rw !x
eeprom           0x00810000         0x00001000         rw !x
fuse             0x00820000         0x00000003         rw !x
lock             0x00830000         0x00000400         rw !x
signature        0x00840000         0x00000400         rw !x
user_signatures  0x00850000         0x00000400         rw !x
*default*        0x00000000         0xffffffff

Linker script and memory map

Address of section .data set to 0x800100
LOAD C:/Program Files (x86)/Atmel/Studio/7.0/Packs/atmel/ATmega_DFP/1.7.374/gcc/dev/atmega128a/avr51/crtatmega128a.o
LOAD ap/APmain.o
LOAD ap/Digital_Fan/Digital_Fan.o
LOAD ap/Listener/Listener.o
LOAD ap/Model/Model_AutoState.o
LOAD ap/Model/Model_LCDTimerFlag.o
LOAD ap/Model/Model_ManualState.o
LOAD ap/Model/Model_ModeState.o
LOAD ap/Model/Model_TimerFlag.o
LOAD ap/Model/Model_TimerState.o
LOAD ap/Presenter/Presenter.o
LOAD ap/Service/Service_AutoCount.o
LOAD ap/Service/Service_DEC_FND.o
LOAD ap/Service/Service_INC_LCD.o
LOAD Driver/Button/Button.o
LOAD Driver/Buzzer/Buzzer.o
LOAD Driver/Fan/Fan.o
LOAD Driver/FND/FND.o
LOAD Driver/I2C_LCD/I2C_LCD.o
LOAD main.o
LOAD Periph/GPIO/GPIO.o
LOAD Periph/I2C/I2C.o
LOAD Periph/TIM/TIM.o
LOAD Periph/Uart0/Uart0.o
START GROUP
LOAD c:/program files (x86)/atmel/studio/7.0/toolchain/avr8/avr8-gnu-toolchain/bin/../lib/gcc/avr/5.4.0/../../../../avr/lib/avr51\libm.a
END GROUP
START GROUP
LOAD c:/program files (x86)/atmel/studio/7.0/toolchain/avr8/avr8-gnu-toolchain/bin/../lib/gcc/avr/5.4.0/avr51\libgcc.a
LOAD c:/program files (x86)/atmel/studio/7.0/toolchain/avr8/avr8-gnu-toolchain/bin/../lib/gcc/avr/5.4.0/../../../../avr/lib/avr51\libm.a
LOAD c:/program files (x86)/atmel/studio/7.0/toolchain/avr8/avr8-gnu-toolchain/bin/../lib/gcc/avr/5.4.0/../../../../avr/lib/avr51\libc.a
LOAD C:/Program Files (x86)/Atmel/Studio/7.0/Packs/atmel/ATmega_DFP/1.7.374/gcc/dev/atmega128a/avr51\libatmega128a.a
END GROUP
                [0x00000000]                __TEXT_REGION_ORIGIN__ = DEFINED (__TEXT_REGION_ORIGIN__)?__TEXT_REGION_ORIGIN__:0x0
                [0x00800100]                __DATA_REGION_ORIGIN__ = DEFINED (__DATA_REGION_ORIGIN__)?__DATA_REGION_ORIGIN__:0x800100
                [0x00020000]                __TEXT_REGION_LENGTH__ = DEFINED (__TEXT_REGION_LENGTH__)?__TEXT_REGION_LENGTH__:0x20000
                [0x00001000]                __DATA_REGION_LENGTH__ = DEFINED (__DATA_REGION_LENGTH__)?__DATA_REGION_LENGTH__:0xff00
                [0x00001000]                __EEPROM_REGION_LENGTH__ = DEFINED (__EEPROM_REGION_LENGTH__)?__EEPROM_REGION_LENGTH__:0x10000
                [0x00000003]                __FUSE_REGION_LENGTH__ = DEFINED (__FUSE_REGION_LENGTH__)?__FUSE_REGION_LENGTH__:0x400
                0x00000400                __LOCK_REGION_LENGTH__ = DEFINED (__LOCK_REGION_LENGTH__)?__LOCK_REGION_LENGTH__:0x400
                0x00000400                __SIGNATURE_REGION_LENGTH__ = DEFINED (__SIGNATURE_REGION_LENGTH__)?__SIGNATURE_REGION_LENGTH__:0x400
                0x00000400                __USER_SIGNATURE_REGION_LENGTH__ = DEFINED (__USER_SIGNATURE_REGION_LENGTH__)?__USER_SIGNATURE_REGION_LENGTH__:0x400

.hash
 *(.hash)

.dynsym
 *(.dynsym)

.dynstr
 *(.dynstr)

.gnu.version
 *(.gnu.version)

.gnu.version_d
 *(.gnu.version_d)

.gnu.version_r
 *(.gnu.version_r)

.rel.init
 *(.rel.init)

.rela.init
 *(.rela.init)

.rel.text
 *(.rel.text)
 *(.rel.text.*)
 *(.rel.gnu.linkonce.t*)

.rela.text
 *(.rela.text)
 *(.rela.text.*)
 *(.rela.gnu.linkonce.t*)

.rel.fini
 *(.rel.fini)

.rela.fini
 *(.rela.fini)

.rel.rodata
 *(.rel.rodata)
 *(.rel.rodata.*)
 *(.rel.gnu.linkonce.r*)

.rela.rodata
 *(.rela.rodata)
 *(.rela.rodata.*)
 *(.rela.gnu.linkonce.r*)

.rel.data
 *(.rel.data)
 *(.rel.data.*)
 *(.rel.gnu.linkonce.d*)

.rela.data
 *(.rela.data)
 *(.rela.data.*)
 *(.rela.gnu.linkonce.d*)

.rel.ctors
 *(.rel.ctors)

.rela.ctors
 *(.rela.ctors)

.rel.dtors
 *(.rel.dtors)

.rela.dtors
 *(.rela.dtors)

.rel.got
 *(.rel.got)

.rela.got
 *(.rela.got)

.rel.bss
 *(.rel.bss)

.rela.bss
 *(.rela.bss)

.rel.plt
 *(.rel.plt)

.rela.plt
 *(.rela.plt)

.text           0x00000000     0x1b12
 *(.vectors)
 .vectors       0x00000000       0x8c C:/Program Files (x86)/Atmel/Studio/7.0/Packs/atmel/ATmega_DFP/1.7.374/gcc/dev/atmega128a/avr51/crtatmega128a.o
                0x00000000                __vector_default
                0x00000000                __vectors
 *(.vectors)
 *(.progmem.gcc*)
                0x0000008c                . = ALIGN (0x2)
                0x0000008c                __trampolines_start = .
 *(.trampolines)
 .trampolines   0x0000008c        0x0 linker stubs
 *(.trampolines*)
                0x0000008c                __trampolines_end = .
 *libprintf_flt.a:*(.progmem.data)
 *libc.a:*(.progmem.data)
 *(.progmem*)
                0x0000008c                . = ALIGN (0x2)
 *(.jumptables)
 *(.jumptables*)
 *(.lowtext)
 *(.lowtext*)
                0x0000008c                __ctors_start = .
 *(.ctors)
                0x0000008c                __ctors_end = .
                0x0000008c                __dtors_start = .
 *(.dtors)
                0x0000008c                __dtors_end = .
 SORT(*)(.ctors)
 SORT(*)(.dtors)
 *(.init0)
 .init0         0x0000008c        0x0 C:/Program Files (x86)/Atmel/Studio/7.0/Packs/atmel/ATmega_DFP/1.7.374/gcc/dev/atmega128a/avr51/crtatmega128a.o
                0x0000008c                __init
 *(.init0)
 *(.init1)
 *(.init1)
 *(.init2)
 .init2         0x0000008c        0xc C:/Program Files (x86)/Atmel/Studio/7.0/Packs/atmel/ATmega_DFP/1.7.374/gcc/dev/atmega128a/avr51/crtatmega128a.o
 *(.init2)
 *(.init3)
 *(.init3)
 *(.init4)
 .init4         0x00000098       0x1a c:/program files (x86)/atmel/studio/7.0/toolchain/avr8/avr8-gnu-toolchain/bin/../lib/gcc/avr/5.4.0/avr51\libgcc.a(_copy_data.o)
                0x00000098                __do_copy_data
 .init4         0x000000b2       0x10 c:/program files (x86)/atmel/studio/7.0/toolchain/avr8/avr8-gnu-toolchain/bin/../lib/gcc/avr/5.4.0/avr51\libgcc.a(_clear_bss.o)
                0x000000b2                __do_clear_bss
 *(.init4)
 *(.init5)
 *(.init5)
 *(.init6)
 *(.init6)
 *(.init7)
 *(.init7)
 *(.init8)
 *(.init8)
 *(.init9)
 .init9         0x000000c2        0x8 C:/Program Files (x86)/Atmel/Studio/7.0/Packs/atmel/ATmega_DFP/1.7.374/gcc/dev/atmega128a/avr51/crtatmega128a.o
 *(.init9)
 *(.text)
 .text          0x000000ca        0x2 C:/Program Files (x86)/Atmel/Studio/7.0/Packs/atmel/ATmega_DFP/1.7.374/gcc/dev/atmega128a/avr51/crtatmega128a.o
                0x000000ca                __vector_22
                0x000000ca                __vector_28
                0x000000ca                __vector_1
                0x000000ca                __vector_32
                0x000000ca                __vector_34
                0x000000ca                __vector_24
                0x000000ca                __vector_12
                0x000000ca                __bad_interrupt
                0x000000ca                __vector_6
                0x000000ca                __vector_31
                0x000000ca                __vector_3
                0x000000ca                __vector_23
                0x000000ca                __vector_30
                0x000000ca                __vector_25
                0x000000ca                __vector_11
                0x000000ca                __vector_13
                0x000000ca                __vector_17
                0x000000ca                __vector_19
                0x000000ca                __vector_7
                0x000000ca                __vector_27
                0x000000ca                __vector_5
                0x000000ca                __vector_33
                0x000000ca                __vector_4
                0x000000ca                __vector_2
                0x000000ca                __vector_21
                0x000000ca                __vector_15
                0x000000ca                __vector_29
                0x000000ca                __vector_8
                0x000000ca                __vector_26
                0x000000ca                __vector_14
                0x000000ca                __vector_10
                0x000000ca                __vector_20
                0x000000cc                . = ALIGN (0x2)
 *(.text.*)
 .text.__vector_18
                0x000000cc       0x50 ap/APmain.o
                0x000000cc                __vector_18
 .text.__vector_16
                0x0000011c       0x54 ap/APmain.o
                0x0000011c                __vector_16
 .text.__vector_9
                0x00000170       0x50 ap/APmain.o
                0x00000170                __vector_9
 .text.APMain_init
                0x000001c0       0x2c ap/APmain.o
                0x000001c0                APMain_init
 .text.APMain_execute
                0x000001ec        0xe ap/APmain.o
                0x000001ec                APMain_execute
 .text.Listener_init
                0x000001fa       0x52 ap/Listener/Listener.o
                0x000001fa                Listener_init
 .text.Listener_checkManualEvent
                0x0000024c       0xf2 ap/Listener/Listener.o
                0x0000024c                Listener_checkManualEvent
 .text.Listener_checkModeEvent
                0x0000033e       0x36 ap/Listener/Listener.o
                0x0000033e                Listener_checkModeEvent
 .text.Listener_checkTimerEvent
                0x00000374       0xf0 ap/Listener/Listener.o
                0x00000374                Listener_checkTimerEvent
 .text.Model_getAutoStateData
                0x00000464        0x6 ap/Model/Model_AutoState.o
                0x00000464                Model_getAutoStateData
 .text.Model_setAutoStateData
                0x0000046a        0x6 ap/Model/Model_AutoState.o
                0x0000046a                Model_setAutoStateData
 .text.Model_getLCDTimerFlagData
                0x00000470        0x6 ap/Model/Model_LCDTimerFlag.o
                0x00000470                Model_getLCDTimerFlagData
 .text.Model_setLCDTimerFlagData
                0x00000476        0x6 ap/Model/Model_LCDTimerFlag.o
                0x00000476                Model_setLCDTimerFlagData
 .text.Model_getManualStateData
                0x0000047c        0x6 ap/Model/Model_ManualState.o
                0x0000047c                Model_getManualStateData
 .text.Model_setManualStateData
                0x00000482        0x6 ap/Model/Model_ManualState.o
                0x00000482                Model_setManualStateData
 .text.Model_getModeStateData
                0x00000488        0x6 ap/Model/Model_ModeState.o
                0x00000488                Model_getModeStateData
 .text.Model_setModeStateData
                0x0000048e        0x6 ap/Model/Model_ModeState.o
                0x0000048e                Model_setModeStateData
 .text.Model_getTimerFlagData
                0x00000494        0x6 ap/Model/Model_TimerFlag.o
                0x00000494                Model_getTimerFlagData
 .text.Model_setTimerFlagData
                0x0000049a        0x6 ap/Model/Model_TimerFlag.o
                0x0000049a                Model_setTimerFlagData
 .text.Model_getTimerStateData
                0x000004a0        0x6 ap/Model/Model_TimerState.o
                0x000004a0                Model_getTimerStateData
 .text.Model_setTimerStateData
                0x000004a6        0x6 ap/Model/Model_TimerState.o
                0x000004a6                Model_setTimerStateData
 .text.Presenter_init
                0x000004ac       0x18 ap/Presenter/Presenter.o
                0x000004ac                Presenter_init
 .text.Presenter_disLCDData
                0x000004c4      0x186 ap/Presenter/Presenter.o
                0x000004c4                Presenter_disLCDData
 .text.Presenter_disFNDData
                0x0000064a       0x1a ap/Presenter/Presenter.o
                0x0000064a                Presenter_disFNDData
 .text.Presenter_soundBuzzer
                0x00000664       0x8a ap/Presenter/Presenter.o
                0x00000664                Presenter_soundBuzzer
 .text.Presenter_runFan
                0x000006ee       0x8a ap/Presenter/Presenter.o
                0x000006ee                Presenter_runFan
 .text.Presenter_disUART
                0x00000778       0xb6 ap/Presenter/Presenter.o
                0x00000778                Presenter_disUART
 .text.Fan_Auto_Modechange
                0x0000082e      0x152 ap/Service/Service_AutoCount.o
                0x0000082e                Fan_Auto_Modechange
 .text.Auto_excute
                0x00000980       0x3c ap/Service/Service_AutoCount.o
                0x00000980                Auto_excute
 .text.FNDData_init
                0x000009bc       0x1e ap/Service/Service_DEC_FND.o
                0x000009bc                FNDData_init
 .text.setFNDData
                0x000009da       0x26 ap/Service/Service_DEC_FND.o
                0x000009da                setFNDData
 .text.decmillisec
                0x00000a00      0x100 ap/Service/Service_DEC_FND.o
                0x00000a00                decmillisec
 .text.Digital_Fan_Execute_Stop
                0x00000b00       0x3c ap/Service/Service_DEC_FND.o
                0x00000b00                Digital_Fan_Execute_Stop
 .text.FNDDec_Run
                0x00000b3c       0x2e ap/Service/Service_DEC_FND.o
                0x00000b3c                FNDDec_Run
 .text.LCDtime_init
                0x00000b6a       0x1e ap/Service/Service_INC_LCD.o
                0x00000b6a                LCDtime_init
 .text.IncMilisec
                0x00000b88      0x128 ap/Service/Service_INC_LCD.o
                0x00000b88                IncMilisec
 .text.INC_LCD_run
                0x00000cb0       0x2e ap/Service/Service_INC_LCD.o
                0x00000cb0                INC_LCD_run
 .text.Button_init
                0x00000cde       0x2a Driver/Button/Button.o
                0x00000cde                Button_init
 .text.Button_GetState
                0x00000d08       0x58 Driver/Button/Button.o
                0x00000d08                Button_GetState
 .text.Buzzer_init
                0x00000d60       0x1a Driver/Buzzer/Buzzer.o
                0x00000d60                Buzzer_init
 .text.Buzzer_makeHerz
                0x00000d7a       0x40 Driver/Buzzer/Buzzer.o
                0x00000d7a                Buzzer_makeHerz
 .text.Buzzer_soundON
                0x00000dba        0x8 Driver/Buzzer/Buzzer.o
                0x00000dba                Buzzer_soundON
 .text.Buzzer_soundOff
                0x00000dc2        0x8 Driver/Buzzer/Buzzer.o
                0x00000dc2                Buzzer_soundOff
 .text.Buzzer_powerOnSound
                0x00000dca       0x76 Driver/Buzzer/Buzzer.o
                0x00000dca                Buzzer_powerOnSound
 .text.Buzzer_powerOFFSound
                0x00000e40       0x76 Driver/Buzzer/Buzzer.o
                0x00000e40                Buzzer_powerOFFSound
 .text.Fan_init
                0x00000eb6       0x22 Driver/Fan/Fan.o
                0x00000eb6                Fan_init
 .text.Fan_makeHerz
                0x00000ed8       0x2e Driver/Fan/Fan.o
                0x00000ed8                Fan_makeHerz
 .text.Fan_On   0x00000f06        0xc Driver/Fan/Fan.o
                0x00000f06                Fan_On
 .text.Fan_off  0x00000f12        0xc Driver/Fan/Fan.o
                0x00000f12                Fan_off
 .text.Fan_Power1
                0x00000f1e        0xa Driver/Fan/Fan.o
                0x00000f1e                Fan_Power1
 .text.Fan_Power2
                0x00000f28        0xa Driver/Fan/Fan.o
                0x00000f28                Fan_Power2
 .text.Fan_Power3
                0x00000f32        0xa Driver/Fan/Fan.o
                0x00000f32                Fan_Power3
 .text.FND_init
                0x00000f3c        0xe Driver/FND/FND.o
                0x00000f3c                FND_init
 .text.FND_colonON
                0x00000f4a        0x8 Driver/FND/FND.o
                0x00000f4a                FND_colonON
 .text.FND_colonoff
                0x00000f52        0x6 Driver/FND/FND.o
                0x00000f52                FND_colonoff
 .text.FND_dispNum
                0x00000f58      0x20c Driver/FND/FND.o
                0x00000f58                FND_dispNum
 .text.FND_setFndData
                0x00001164        0xa Driver/FND/FND.o
                0x00001164                FND_setFndData
 .text.FND_ISR_Process
                0x0000116e        0xc Driver/FND/FND.o
                0x0000116e                FND_ISR_Process
 .text.LCD_sendToI2C
                0x0000117a        0x4 Driver/I2C_LCD/I2C_LCD.o
                0x0000117a                LCD_sendToI2C
 .text.LCD_backLightOn
                0x0000117e       0x10 Driver/I2C_LCD/I2C_LCD.o
                0x0000117e                LCD_backLightOn
 .text.LCD_cmdMode
                0x0000118e       0x10 Driver/I2C_LCD/I2C_LCD.o
                0x0000118e                LCD_cmdMode
 .text.LCD_charMode
                0x0000119e       0x10 Driver/I2C_LCD/I2C_LCD.o
                0x0000119e                LCD_charMode
 .text.LCD_writeMode
                0x000011ae       0x10 Driver/I2C_LCD/I2C_LCD.o
                0x000011ae                LCD_writeMode
 .text.LCD_enableHigh
                0x000011be       0x1c Driver/I2C_LCD/I2C_LCD.o
                0x000011be                LCD_enableHigh
 .text.LCD_enableLow
                0x000011da       0x1c Driver/I2C_LCD/I2C_LCD.o
                0x000011da                LCD_enableLow
 .text.LCD_writeNibble
                0x000011f6       0x1e Driver/I2C_LCD/I2C_LCD.o
                0x000011f6                LCD_writeNibble
 .text.LCD_writeByte
                0x00001214       0x12 Driver/I2C_LCD/I2C_LCD.o
                0x00001214                LCD_writeByte
 .text.LCD_writeCmdData
                0x00001226       0x10 Driver/I2C_LCD/I2C_LCD.o
                0x00001226                LCD_writeCmdData
 .text.I2C_LCD_init
                0x00001236       0x52 Driver/I2C_LCD/I2C_LCD.o
                0x00001236                I2C_LCD_init
 .text.LCD_writeCharData
                0x00001288       0x10 Driver/I2C_LCD/I2C_LCD.o
                0x00001288                LCD_writeCharData
 .text.LCD_writeString
                0x00001298       0x2a Driver/I2C_LCD/I2C_LCD.o
                0x00001298                LCD_writeString
 .text.LCD_gotoXY
                0x000012c2       0x14 Driver/I2C_LCD/I2C_LCD.o
                0x000012c2                LCD_gotoXY
 .text.LCD_writeStringXY
                0x000012d6       0x12 Driver/I2C_LCD/I2C_LCD.o
                0x000012d6                LCD_writeStringXY
 .text.main     0x000012e8        0xa main.o
                0x000012e8                main
 .text.I2C_init
                0x000012f2       0x12 Periph/I2C/I2C.o
                0x000012f2                I2C_init
 .text.I2C_start
                0x00001304       0x10 Periph/I2C/I2C.o
                0x00001304                I2C_start
 .text.I2C_txDevAddr
                0x00001314       0x14 Periph/I2C/I2C.o
                0x00001314                I2C_txDevAddr
 .text.I2C_txData
                0x00001328       0x14 Periph/I2C/I2C.o
                0x00001328                I2C_txData
 .text.I2C_stop
                0x0000133c        0x8 Periph/I2C/I2C.o
                0x0000133c                I2C_stop
 .text.I2C_txByte
                0x00001344       0x1a Periph/I2C/I2C.o
                0x00001344                I2C_txByte
 .text.TIM0_init
                0x0000135e       0x12 Periph/TIM/TIM.o
                0x0000135e                TIM0_init
 .text.TIM2_init
                0x00001370       0x18 Periph/TIM/TIM.o
                0x00001370                TIM2_init
 .text.UART0_init
                0x00001388       0x18 Periph/Uart0/Uart0.o
                0x00001388                UART0_init
 .text.UART0_Transmit
                0x000013a0        0x8 Periph/Uart0/Uart0.o
                0x000013a0                UART0_Transmit
 .text.UART0_readyRxFlag
                0x000013a8        0x6 Periph/Uart0/Uart0.o
                0x000013a8                UART0_readyRxFlag
 .text.UART0_clearRxFlag
                0x000013ae        0x6 Periph/Uart0/Uart0.o
                0x000013ae                UART0_clearRxFlag
 .text.UART0_setRxFlag
                0x000013b4        0x8 Periph/Uart0/Uart0.o
                0x000013b4                UART0_setRxFlag
 .text.UART0_ISR_Process
                0x000013bc       0x3c Periph/Uart0/Uart0.o
                0x000013bc                UART0_ISR_Process
 .text.UART0_readRxBuff
                0x000013f8        0x6 Periph/Uart0/Uart0.o
                0x000013f8                UART0_readRxBuff
 .text.libgcc.div
                0x000013fe       0x26 c:/program files (x86)/atmel/studio/7.0/toolchain/avr8/avr8-gnu-toolchain/bin/../lib/gcc/avr/5.4.0/avr51\libgcc.a(_divmodhi4.o)
                0x000013fe                _div
                0x000013fe                __divmodhi4
 .text.libgcc.div
                0x00001424       0x44 c:/program files (x86)/atmel/studio/7.0/toolchain/avr8/avr8-gnu-toolchain/bin/../lib/gcc/avr/5.4.0/avr51\libgcc.a(_udivmodsi4.o)
                0x00001424                __udivmodsi4
 .text.libgcc.div
                0x00001468       0x28 c:/program files (x86)/atmel/studio/7.0/toolchain/avr8/avr8-gnu-toolchain/bin/../lib/gcc/avr/5.4.0/avr51\libgcc.a(_divmodsi4.o)
                0x00001468                __divmodsi4
 .text.libgcc.div
                0x00001490       0x10 c:/program files (x86)/atmel/studio/7.0/toolchain/avr8/avr8-gnu-toolchain/bin/../lib/gcc/avr/5.4.0/avr51\libgcc.a(_negsi2.o)
                0x00001490                __negsi2
 .text.libgcc.mul
                0x000014a0       0x1e c:/program files (x86)/atmel/studio/7.0/toolchain/avr8/avr8-gnu-toolchain/bin/../lib/gcc/avr/5.4.0/avr51\libgcc.a(_umulhisi3.o)
                0x000014a0                __umulhisi3
 .text.libgcc.div
                0x000014be       0x28 c:/program files (x86)/atmel/studio/7.0/toolchain/avr8/avr8-gnu-toolchain/bin/../lib/gcc/avr/5.4.0/avr51\libgcc.a(_udivmodhi4.o)
                0x000014be                __udivmodhi4
 .text.avr-libc
                0x000014e6       0x12 c:/program files (x86)/atmel/studio/7.0/toolchain/avr8/avr8-gnu-toolchain/bin/../lib/gcc/avr/5.4.0/../../../../avr/lib/avr51\libc.a(strcmp.o)
                0x000014e6                strcmp
 .text.avr-libc
                0x000014f8       0x60 c:/program files (x86)/atmel/studio/7.0/toolchain/avr8/avr8-gnu-toolchain/bin/../lib/gcc/avr/5.4.0/../../../../avr/lib/avr51\libc.a(puts.o)
                0x000014f8                puts
 .text.avr-libc
                0x00001558       0x5c c:/program files (x86)/atmel/studio/7.0/toolchain/avr8/avr8-gnu-toolchain/bin/../lib/gcc/avr/5.4.0/../../../../avr/lib/avr51\libc.a(sprintf.o)
                0x00001558                sprintf
 .text.avr-libc
                0x000015b4      0x3fa c:/program files (x86)/atmel/studio/7.0/toolchain/avr8/avr8-gnu-toolchain/bin/../lib/gcc/avr/5.4.0/../../../../avr/lib/avr51\libc.a(vfprintf_std.o)
                0x000015b4                vfprintf
 .text.avr-libc
                0x000019ae       0x16 c:/program files (x86)/atmel/studio/7.0/toolchain/avr8/avr8-gnu-toolchain/bin/../lib/gcc/avr/5.4.0/../../../../avr/lib/avr51\libc.a(strnlen_P.o)
                0x000019ae                strnlen_P
 .text.avr-libc
                0x000019c4       0x16 c:/program files (x86)/atmel/studio/7.0/toolchain/avr8/avr8-gnu-toolchain/bin/../lib/gcc/avr/5.4.0/../../../../avr/lib/avr51\libc.a(strnlen.o)
                0x000019c4                strnlen
 .text.avr-libc
                0x000019da       0x78 c:/program files (x86)/atmel/studio/7.0/toolchain/avr8/avr8-gnu-toolchain/bin/../lib/gcc/avr/5.4.0/../../../../avr/lib/avr51\libc.a(fputc.o)
                0x000019da                fputc
 .text.avr-libc
                0x00001a52       0xbc c:/program files (x86)/atmel/studio/7.0/toolchain/avr8/avr8-gnu-toolchain/bin/../lib/gcc/avr/5.4.0/../../../../avr/lib/avr51\libc.a(ultoa_invert.o)
                0x00001a52                __ultoa_invert
                0x00001b0e                . = ALIGN (0x2)
 *(.fini9)
 .fini9         0x00001b0e        0x0 c:/program files (x86)/atmel/studio/7.0/toolchain/avr8/avr8-gnu-toolchain/bin/../lib/gcc/avr/5.4.0/avr51\libgcc.a(_exit.o)
                0x00001b0e                _exit
                0x00001b0e                exit
 *(.fini9)
 *(.fini8)
 *(.fini8)
 *(.fini7)
 *(.fini7)
 *(.fini6)
 *(.fini6)
 *(.fini5)
 *(.fini5)
 *(.fini4)
 *(.fini4)
 *(.fini3)
 *(.fini3)
 *(.fini2)
 *(.fini2)
 *(.fini1)
 *(.fini1)
 *(.fini0)
 .fini0         0x00001b0e        0x4 c:/program files (x86)/atmel/studio/7.0/toolchain/avr8/avr8-gnu-toolchain/bin/../lib/gcc/avr/5.4.0/avr51\libgcc.a(_exit.o)
 *(.fini0)
                0x00001b12                _etext = .

.data           0x00800100       0xd4 load address 0x00001b12
                0x00800100                PROVIDE (__data_start, .)
 *(.data)
 *(.data*)
 .data.OUTPUT   0x00800100        0xe ap/Presenter/Presenter.o
                0x00800100                OUTPUT
 *(.gnu.linkonce.d*)
 *(.rodata)
 .rodata        0x0080010e        0xb Driver/FND/FND.o
 *(.rodata*)
 .rodata.str1.1
                0x00800119       0x29 ap/Listener/Listener.o
 .rodata.str1.1
                0x00800142       0x92 ap/Presenter/Presenter.o
 *(.gnu.linkonce.r*)
                0x008001d4                . = ALIGN (0x2)
                0x008001d4                _edata = .
                0x008001d4                PROVIDE (__data_end, .)

.bss            0x008001d4       0xd1
                0x008001d4                PROVIDE (__bss_start, .)
 *(.bss)
 *(.bss*)
 .bss.previousState.2264
                0x008001d4        0x2 ap/Presenter/Presenter.o
 .bss.previousState_two.2253
                0x008001d6        0x2 ap/Presenter/Presenter.o
 .bss.previousState_one.2245
                0x008001d8        0x2 ap/Presenter/Presenter.o
 .bss.previousState_two.2234
                0x008001da        0x2 ap/Presenter/Presenter.o
 .bss.previousState_one.2226
                0x008001dc        0x2 ap/Presenter/Presenter.o
 .bss.prevTime.2203
                0x008001de        0x4 ap/Service/Service_AutoCount.o
 .bss.timeTick  0x008001e2        0x4 ap/Service/Service_AutoCount.o
                0x008001e2                timeTick
 .bss.F_hour    0x008001e6        0x1 ap/Service/Service_DEC_FND.o
 .bss.F_min     0x008001e7        0x1 ap/Service/Service_DEC_FND.o
 .bss.F_sec     0x008001e8        0x1 ap/Service/Service_DEC_FND.o
 .bss.F_millisec
                0x008001e9        0x4 ap/Service/Service_DEC_FND.o
 .bss.L_hour    0x008001ed        0x1 ap/Service/Service_INC_LCD.o
 .bss.L_min     0x008001ee        0x1 ap/Service/Service_INC_LCD.o
 .bss.L_sec     0x008001ef        0x1 ap/Service/Service_INC_LCD.o
 .bss.L_millisec
                0x008001f0        0x4 ap/Service/Service_INC_LCD.o
 .bss.fndDigitState.1748
                0x008001f4        0x1 Driver/FND/FND.o
 .bss.fndColonFlag
                0x008001f5        0x1 Driver/FND/FND.o
                0x008001f5                fndColonFlag
 .bss.fndData   0x008001f6        0x2 Driver/FND/FND.o
                0x008001f6                fndData
 .bss.uart0Rxtail.1641
                0x008001f8        0x1 Periph/Uart0/Uart0.o
 *(COMMON)
 COMMON         0x008001f9       0x20 ap/APmain.o
                0x008001f9                buff
                0x00800217                StopWatchData
 COMMON         0x00800219       0x1a ap/Listener/Listener.o
                0x00800219                rxString
                0x0080021b                btnRun
                0x00800221                btnTimer
                0x00800227                btnOff
                0x0080022d                btnMode
 COMMON         0x00800233        0x1 ap/Model/Model_AutoState.o
                0x00800233                AutoStateData
 COMMON         0x00800234        0x1 ap/Model/Model_LCDTimerFlag.o
                0x00800234                LCDTimerFlagData
 COMMON         0x00800235        0x1 ap/Model/Model_ManualState.o
                0x00800235                ManualStateData
 COMMON         0x00800236        0x1 ap/Model/Model_ModeState.o
                0x00800236                ModeStateData
 COMMON         0x00800237        0x1 ap/Model/Model_TimerFlag.o
                0x00800237                TimerFlagData
 COMMON         0x00800238        0x1 ap/Model/Model_TimerState.o
                0x00800238                TimerStateData
 COMMON         0x00800239        0x1 Driver/I2C_LCD/I2C_LCD.o
                0x00800239                lcdControlData
 COMMON         0x0080023a       0x65 Periph/Uart0/Uart0.o
                0x0080023a                uart0RxCFlag
                0x0080023b                uart0RxBuff
 COMMON         0x0080029f        0x6 c:/program files (x86)/atmel/studio/7.0/toolchain/avr8/avr8-gnu-toolchain/bin/../lib/gcc/avr/5.4.0/../../../../avr/lib/avr51\libc.a(iob.o)
                0x0080029f                __iob
                0x008002a5                PROVIDE (__bss_end, .)
                0x00001b12                __data_load_start = LOADADDR (.data)
                0x00001be6                __data_load_end = (__data_load_start + SIZEOF (.data))

.noinit         0x008002a5        0x0
                [!provide]                PROVIDE (__noinit_start, .)
 *(.noinit*)
                [!provide]                PROVIDE (__noinit_end, .)
                0x008002a5                _end = .
                [!provide]                PROVIDE (__heap_start, .)

.eeprom         0x00810000        0x0
 *(.eeprom*)
                0x00810000                __eeprom_end = .

.fuse
 *(.fuse)
 *(.lfuse)
 *(.hfuse)
 *(.efuse)

.lock
 *(.lock*)

.signature
 *(.signature*)

.user_signatures
 *(.user_signatures*)

.stab
 *(.stab)

.stabstr
 *(.stabstr)

.stab.excl
 *(.stab.excl)

.stab.exclstr
 *(.stab.exclstr)

.stab.index
 *(.stab.index)

.stab.indexstr
 *(.stab.indexstr)

.comment        0x00000000       0x5c
 *(.comment)
 .comment       0x00000000       0x30 ap/APmain.o
                                 0x31 (size before relaxing)
 .comment       0x00000030       0x31 ap/Listener/Listener.o
 .comment       0x00000030       0x31 ap/Model/Model_AutoState.o
 .comment       0x00000030       0x31 ap/Model/Model_LCDTimerFlag.o
 .comment       0x00000030       0x31 ap/Model/Model_ManualState.o
 .comment       0x00000030       0x31 ap/Model/Model_ModeState.o
 .comment       0x00000030       0x31 ap/Model/Model_TimerFlag.o
 .comment       0x00000030       0x31 ap/Model/Model_TimerState.o
 .comment       0x00000030       0x31 ap/Presenter/Presenter.o
 .comment       0x00000030       0x31 ap/Service/Service_AutoCount.o
 .comment       0x00000030       0x31 ap/Service/Service_DEC_FND.o
 .comment       0x00000030       0x31 ap/Service/Service_INC_LCD.o
 .comment       0x00000030       0x31 Driver/Button/Button.o
 .comment       0x00000030       0x31 Driver/Buzzer/Buzzer.o
 .comment       0x00000030       0x31 Driver/Fan/Fan.o
 .comment       0x00000030       0x31 Driver/FND/FND.o
 .comment       0x00000030       0x31 Driver/I2C_LCD/I2C_LCD.o
 .comment       0x00000030       0x31 main.o
 .comment       0x00000030       0x31 Periph/I2C/I2C.o
 .comment       0x00000030       0x31 Periph/TIM/TIM.o
 .comment       0x00000030       0x31 Periph/Uart0/Uart0.o
 .comment       0x00000030       0x31 c:/program files (x86)/atmel/studio/7.0/toolchain/avr8/avr8-gnu-toolchain/bin/../lib/gcc/avr/5.4.0/../../../../avr/lib/avr51\libc.a(iob.o)
 .comment       0x00000030       0x31 c:/program files (x86)/atmel/studio/7.0/toolchain/avr8/avr8-gnu-toolchain/bin/../lib/gcc/avr/5.4.0/../../../../avr/lib/avr51\libc.a(puts.o)
 .comment       0x00000030       0x31 c:/program files (x86)/atmel/studio/7.0/toolchain/avr8/avr8-gnu-toolchain/bin/../lib/gcc/avr/5.4.0/../../../../avr/lib/avr51\libc.a(sprintf.o)
 .comment       0x00000030       0x2c c:/program files (x86)/atmel/studio/7.0/toolchain/avr8/avr8-gnu-toolchain/bin/../lib/gcc/avr/5.4.0/../../../../avr/lib/avr51\libc.a(vfprintf_std.o)
                                 0x2d (size before relaxing)
 .comment       0x0000005c       0x31 c:/program files (x86)/atmel/studio/7.0/toolchain/avr8/avr8-gnu-toolchain/bin/../lib/gcc/avr/5.4.0/../../../../avr/lib/avr51\libc.a(fputc.o)

.note.gnu.avr.deviceinfo
                0x00000000       0x40
 .note.gnu.avr.deviceinfo
                0x00000000       0x40 C:/Program Files (x86)/Atmel/Studio/7.0/Packs/atmel/ATmega_DFP/1.7.374/gcc/dev/atmega128a/avr51/crtatmega128a.o

.note.gnu.build-id
 *(.note.gnu.build-id)

.debug
 *(.debug)

.line
 *(.line)

.debug_srcinfo
 *(.debug_srcinfo)

.debug_sfnames
 *(.debug_sfnames)

.debug_aranges  0x00000000      0x520
 *(.debug_aranges)
 .debug_aranges
                0x00000000       0x40 ap/APmain.o
 .debug_aranges
                0x00000040       0x38 ap/Listener/Listener.o
 .debug_aranges
                0x00000078       0x28 ap/Model/Model_AutoState.o
 .debug_aranges
                0x000000a0       0x28 ap/Model/Model_LCDTimerFlag.o
 .debug_aranges
                0x000000c8       0x28 ap/Model/Model_ManualState.o
 .debug_aranges
                0x000000f0       0x28 ap/Model/Model_ModeState.o
 .debug_aranges
                0x00000118       0x28 ap/Model/Model_TimerFlag.o
 .debug_aranges
                0x00000140       0x28 ap/Model/Model_TimerState.o
 .debug_aranges
                0x00000168       0x48 ap/Presenter/Presenter.o
 .debug_aranges
                0x000001b0       0x28 ap/Service/Service_AutoCount.o
 .debug_aranges
                0x000001d8       0x60 ap/Service/Service_DEC_FND.o
 .debug_aranges
                0x00000238       0x30 ap/Service/Service_INC_LCD.o
 .debug_aranges
                0x00000268       0x28 Driver/Button/Button.o
 .debug_aranges
                0x00000290       0x48 Driver/Buzzer/Buzzer.o
 .debug_aranges
                0x000002d8       0x58 Driver/Fan/Fan.o
 .debug_aranges
                0x00000330       0x48 Driver/FND/FND.o
 .debug_aranges
                0x00000378       0xb0 Driver/I2C_LCD/I2C_LCD.o
 .debug_aranges
                0x00000428       0x20 main.o
 .debug_aranges
                0x00000448       0x48 Periph/I2C/I2C.o
 .debug_aranges
                0x00000490       0x28 Periph/TIM/TIM.o
 .debug_aranges
                0x000004b8       0x68 Periph/Uart0/Uart0.o

.debug_pubnames
 *(.debug_pubnames)

.debug_info     0x00000000     0x4117
 *(.debug_info .gnu.linkonce.wi.*)
 .debug_info    0x00000000      0x780 C:/Program Files (x86)/Atmel/Studio/7.0/Packs/atmel/ATmega_DFP/1.7.374/gcc/dev/atmega128a/avr51/crtatmega128a.o
 .debug_info    0x00000780      0x3e3 ap/APmain.o
 .debug_info    0x00000b63      0x9f3 ap/Listener/Listener.o
 .debug_info    0x00001556       0xc0 ap/Model/Model_AutoState.o
 .debug_info    0x00001616       0xc0 ap/Model/Model_LCDTimerFlag.o
 .debug_info    0x000016d6       0xc0 ap/Model/Model_ManualState.o
 .debug_info    0x00001796       0xc0 ap/Model/Model_ModeState.o
 .debug_info    0x00001856       0xc0 ap/Model/Model_TimerFlag.o
 .debug_info    0x00001916       0xc0 ap/Model/Model_TimerState.o
 .debug_info    0x000019d6      0x929 ap/Presenter/Presenter.o
 .debug_info    0x000022ff      0x27b ap/Service/Service_AutoCount.o
 .debug_info    0x0000257a      0x332 ap/Service/Service_DEC_FND.o
 .debug_info    0x000028ac      0x279 ap/Service/Service_INC_LCD.o
 .debug_info    0x00002b25      0x251 Driver/Button/Button.o
 .debug_info    0x00002d76      0x418 Driver/Buzzer/Buzzer.o
 .debug_info    0x0000318e      0x1a1 Driver/Fan/Fan.o
 .debug_info    0x0000332f      0x18b Driver/FND/FND.o
 .debug_info    0x000034ba      0x748 Driver/I2C_LCD/I2C_LCD.o
 .debug_info    0x00003c02       0xfb main.o
 .debug_info    0x00003cfd      0x16f Periph/I2C/I2C.o
 .debug_info    0x00003e6c       0x97 Periph/TIM/TIM.o
 .debug_info    0x00003f03      0x214 Periph/Uart0/Uart0.o

.debug_abbrev   0x00000000     0x1b2d
 *(.debug_abbrev)
 .debug_abbrev  0x00000000      0x718 C:/Program Files (x86)/Atmel/Studio/7.0/Packs/atmel/ATmega_DFP/1.7.374/gcc/dev/atmega128a/avr51/crtatmega128a.o
 .debug_abbrev  0x00000718       0xe7 ap/APmain.o
 .debug_abbrev  0x000007ff      0x143 ap/Listener/Listener.o
 .debug_abbrev  0x00000942       0x8b ap/Model/Model_AutoState.o
 .debug_abbrev  0x000009cd       0x8b ap/Model/Model_LCDTimerFlag.o
 .debug_abbrev  0x00000a58       0x8b ap/Model/Model_ManualState.o
 .debug_abbrev  0x00000ae3       0x8b ap/Model/Model_ModeState.o
 .debug_abbrev  0x00000b6e       0x8b ap/Model/Model_TimerFlag.o
 .debug_abbrev  0x00000bf9       0x8b ap/Model/Model_TimerState.o
 .debug_abbrev  0x00000c84      0x20c ap/Presenter/Presenter.o
 .debug_abbrev  0x00000e90      0x16b ap/Service/Service_AutoCount.o
 .debug_abbrev  0x00000ffb      0x151 ap/Service/Service_DEC_FND.o
 .debug_abbrev  0x0000114c       0xf6 ap/Service/Service_INC_LCD.o
 .debug_abbrev  0x00001242      0x175 Driver/Button/Button.o
 .debug_abbrev  0x000013b7      0x132 Driver/Buzzer/Buzzer.o
 .debug_abbrev  0x000014e9       0xb2 Driver/Fan/Fan.o
 .debug_abbrev  0x0000159b       0xf6 Driver/FND/FND.o
 .debug_abbrev  0x00001691      0x1a9 Driver/I2C_LCD/I2C_LCD.o
 .debug_abbrev  0x0000183a       0x98 main.o
 .debug_abbrev  0x000018d2       0xb4 Periph/I2C/I2C.o
 .debug_abbrev  0x00001986       0x4f Periph/TIM/TIM.o
 .debug_abbrev  0x000019d5      0x158 Periph/Uart0/Uart0.o

.debug_line     0x00000000     0x2ba8
 *(.debug_line .debug_line.* .debug_line_end)
 .debug_line    0x00000000      0x16a C:/Program Files (x86)/Atmel/Studio/7.0/Packs/atmel/ATmega_DFP/1.7.374/gcc/dev/atmega128a/avr51/crtatmega128a.o
 .debug_line    0x0000016a      0x36b ap/APmain.o
 .debug_line    0x000004d5      0x49f ap/Listener/Listener.o
 .debug_line    0x00000974       0xc7 ap/Model/Model_AutoState.o
 .debug_line    0x00000a3b       0xca ap/Model/Model_LCDTimerFlag.o
 .debug_line    0x00000b05       0xc9 ap/Model/Model_ManualState.o
 .debug_line    0x00000bce       0xc7 ap/Model/Model_ModeState.o
 .debug_line    0x00000c95       0xc7 ap/Model/Model_TimerFlag.o
 .debug_line    0x00000d5c       0xc8 ap/Model/Model_TimerState.o
 .debug_line    0x00000e24      0x533 ap/Presenter/Presenter.o
 .debug_line    0x00001357      0x21b ap/Service/Service_AutoCount.o
 .debug_line    0x00001572      0x37a ap/Service/Service_DEC_FND.o
 .debug_line    0x000018ec      0x225 ap/Service/Service_INC_LCD.o
 .debug_line    0x00001b11      0x1ad Driver/Button/Button.o
 .debug_line    0x00001cbe      0x27d Driver/Buzzer/Buzzer.o
 .debug_line    0x00001f3b      0x17d Driver/Fan/Fan.o
 .debug_line    0x000020b8      0x19a Driver/FND/FND.o
 .debug_line    0x00002252      0x40c Driver/I2C_LCD/I2C_LCD.o
 .debug_line    0x0000265e       0xf7 main.o
 .debug_line    0x00002755      0x175 Periph/I2C/I2C.o
 .debug_line    0x000028ca       0xdb Periph/TIM/TIM.o
 .debug_line    0x000029a5      0x203 Periph/Uart0/Uart0.o

.debug_frame    0x00000000      0xa08
 *(.debug_frame)
 .debug_frame   0x00000000      0x13c ap/APmain.o
 .debug_frame   0x0000013c       0x6c ap/Listener/Listener.o
 .debug_frame   0x000001a8       0x34 ap/Model/Model_AutoState.o
 .debug_frame   0x000001dc       0x34 ap/Model/Model_LCDTimerFlag.o
 .debug_frame   0x00000210       0x34 ap/Model/Model_ManualState.o
 .debug_frame   0x00000244       0x34 ap/Model/Model_ModeState.o
 .debug_frame   0x00000278       0x34 ap/Model/Model_TimerFlag.o
 .debug_frame   0x000002ac       0x34 ap/Model/Model_TimerState.o
 .debug_frame   0x000002e0       0xe0 ap/Presenter/Presenter.o
 .debug_frame   0x000003c0       0x40 ap/Service/Service_AutoCount.o
 .debug_frame   0x00000400       0xbc ap/Service/Service_DEC_FND.o
 .debug_frame   0x000004bc       0x5c ap/Service/Service_INC_LCD.o
 .debug_frame   0x00000518       0x34 Driver/Button/Button.o
 .debug_frame   0x0000054c       0x74 Driver/Buzzer/Buzzer.o
 .debug_frame   0x000005c0       0x94 Driver/Fan/Fan.o
 .debug_frame   0x00000654       0x90 Driver/FND/FND.o
 .debug_frame   0x000006e4      0x184 Driver/I2C_LCD/I2C_LCD.o
 .debug_frame   0x00000868       0x24 main.o
 .debug_frame   0x0000088c       0x80 Periph/I2C/I2C.o
 .debug_frame   0x0000090c       0x34 Periph/TIM/TIM.o
 .debug_frame   0x00000940       0xc8 Periph/Uart0/Uart0.o

.debug_str      0x00000000      0xfdb
 *(.debug_str)
 .debug_str     0x00000000      0x27d C:/Program Files (x86)/Atmel/Studio/7.0/Packs/atmel/ATmega_DFP/1.7.374/gcc/dev/atmega128a/avr51/crtatmega128a.o
 .debug_str     0x0000027d      0x3d5 ap/APmain.o
                                0x40e (size before relaxing)
 .debug_str     0x00000652      0x186 ap/Listener/Listener.o
                                0x4ae (size before relaxing)
 .debug_str     0x000007d8       0x88 ap/Model/Model_AutoState.o
                                0x1d0 (size before relaxing)
 .debug_str     0x00000860       0x3b ap/Model/Model_LCDTimerFlag.o
                                0x1dc (size before relaxing)
 .debug_str     0x0000089b       0x20 ap/Model/Model_ManualState.o
                                0x1d8 (size before relaxing)
 .debug_str     0x000008bb       0x1e ap/Model/Model_ModeState.o
                                0x1d0 (size before relaxing)
 .debug_str     0x000008d9       0x35 ap/Model/Model_TimerFlag.o
                                0x1d0 (size before relaxing)
 .debug_str     0x0000090e       0x1f ap/Model/Model_TimerState.o
                                0x1d4 (size before relaxing)
 .debug_str     0x0000092d      0x23b ap/Presenter/Presenter.o
                                0x4d2 (size before relaxing)
 .debug_str     0x00000b68       0x8a ap/Service/Service_AutoCount.o
                                0x2d5 (size before relaxing)
 .debug_str     0x00000bf2       0x79 ap/Service/Service_DEC_FND.o
                                0x32b (size before relaxing)
 .debug_str     0x00000c6b       0x2d ap/Service/Service_INC_LCD.o
                                0x335 (size before relaxing)
 .debug_str     0x00000c98       0x23 Driver/Button/Button.o
                                0x24d (size before relaxing)
 .debug_str     0x00000cbb       0x4e Driver/Buzzer/Buzzer.o
                                0x247 (size before relaxing)
 .debug_str     0x00000d09       0x2d Driver/Fan/Fan.o
                                0x1e4 (size before relaxing)
 .debug_str     0x00000d36       0x52 Driver/FND/FND.o
                                0x21a (size before relaxing)
 .debug_str     0x00000d88      0x15e Driver/I2C_LCD/I2C_LCD.o
                                0x343 (size before relaxing)
 .debug_str     0x00000ee6       0x11 main.o
                                0x1bf (size before relaxing)
 .debug_str     0x00000ef7       0x46 Periph/I2C/I2C.o
                                0x1d0 (size before relaxing)
 .debug_str     0x00000f3d       0x14 Periph/TIM/TIM.o
                                0x198 (size before relaxing)
 .debug_str     0x00000f51       0x8a Periph/Uart0/Uart0.o
                                0x25f (size before relaxing)

.debug_loc      0x00000000     0x149e
 *(.debug_loc)
 .debug_loc     0x00000000      0x261 ap/APmain.o
 .debug_loc     0x00000261      0x19e ap/Listener/Listener.o
 .debug_loc     0x000003ff      0x3d0 ap/Presenter/Presenter.o
 .debug_loc     0x000007cf       0xbc ap/Service/Service_AutoCount.o
 .debug_loc     0x0000088b       0x9e ap/Service/Service_DEC_FND.o
 .debug_loc     0x00000929       0xb8 ap/Service/Service_INC_LCD.o
 .debug_loc     0x000009e1       0xee Driver/Button/Button.o
 .debug_loc     0x00000acf      0x276 Driver/Buzzer/Buzzer.o
 .debug_loc     0x00000d45       0x26 Driver/Fan/Fan.o
 .debug_loc     0x00000d6b       0x97 Driver/FND/FND.o
 .debug_loc     0x00000e02      0x4fa Driver/I2C_LCD/I2C_LCD.o
 .debug_loc     0x000012fc       0xe1 Periph/I2C/I2C.o
 .debug_loc     0x000013dd       0xc1 Periph/Uart0/Uart0.o

.debug_macinfo
 *(.debug_macinfo)

.debug_weaknames
 *(.debug_weaknames)

.debug_funcnames
 *(.debug_funcnames)

.debug_typenames
 *(.debug_typenames)

.debug_varnames
 *(.debug_varnames)

.debug_pubtypes
 *(.debug_pubtypes)

.debug_ranges   0x00000000      0x3d0
 *(.debug_ranges)
 .debug_ranges  0x00000000       0x30 ap/APmain.o
 .debug_ranges  0x00000030       0x28 ap/Listener/Listener.o
 .debug_ranges  0x00000058       0x18 ap/Model/Model_AutoState.o
 .debug_ranges  0x00000070       0x18 ap/Model/Model_LCDTimerFlag.o
 .debug_ranges  0x00000088       0x18 ap/Model/Model_ManualState.o
 .debug_ranges  0x000000a0       0x18 ap/Model/Model_ModeState.o
 .debug_ranges  0x000000b8       0x18 ap/Model/Model_TimerFlag.o
 .debug_ranges  0x000000d0       0x18 ap/Model/Model_TimerState.o
 .debug_ranges  0x000000e8       0x38 ap/Presenter/Presenter.o
 .debug_ranges  0x00000120       0x18 ap/Service/Service_AutoCount.o
 .debug_ranges  0x00000138       0x50 ap/Service/Service_DEC_FND.o
 .debug_ranges  0x00000188       0x20 ap/Service/Service_INC_LCD.o
 .debug_ranges  0x000001a8       0x18 Driver/Button/Button.o
 .debug_ranges  0x000001c0       0x38 Driver/Buzzer/Buzzer.o
 .debug_ranges  0x000001f8       0x48 Driver/Fan/Fan.o
 .debug_ranges  0x00000240       0x38 Driver/FND/FND.o
 .debug_ranges  0x00000278       0xa0 Driver/I2C_LCD/I2C_LCD.o
 .debug_ranges  0x00000318       0x10 main.o
 .debug_ranges  0x00000328       0x38 Periph/I2C/I2C.o
 .debug_ranges  0x00000360       0x18 Periph/TIM/TIM.o
 .debug_ranges  0x00000378       0x58 Periph/Uart0/Uart0.o

.debug_macro
 *(.debug_macro)
OUTPUT(Digital_Fan.elf elf32-avr)
LOAD linker stubs
